// Jest Snapshot v1, https://goo.gl/fbAQLP

exports[`Controls should render without crashing 1`] = `ShallowWrapper {}`;
