// Jest Snapshot v1, https://goo.gl/fbAQLP

exports[`Weapons should render without crashing 1`] = `ShallowWrapper {}`;
